// Jest Snapshot v1, https://goo.gl/fbAQLP

exports[`Story Component should render correctly 1`] = `
<div
  className="sc-bdVaJa ihSyXN"
>
  <a
    className="sc-bwzfXH nGdMX"
    href="some-site.com.br"
    rel="noopener noreferrer"
    target="_blank"
  >
    Some news
  </a>
  <div
    style={
      Object {
        "alignItems": "center",
        "display": "flex",
        "marginTop": "16px",
      }
    }
  >
    <span
      className="sc-htpNat dRQqp"
    >
      07/08/2019
    </span>
    <div
      className="sc-bxivhb cLWSfx"
    >
      news site
    </div>
  </div>
</div>
`;
